  ✓    1 [chromium] › tests\e2e\ai\decision-lab.spec.ts:21:1 › loads: stage ready, mock badge, and no secret-capable input (732ms)
  ✓    2 [chromium] › tests\e2e\ai\decision-lab.spec.ts:40:1 › happy: submit flows pending→resolved, anticipation <80ms, a-dominant (1.6s)
  ✓    3 [chromium] › tests\e2e\ai\decision-lab.spec.ts:66:1 › failure: forced error keeps prior pose, alerts, and re-enables submit (1.4s)
  ✓    4 [chromium] › tests\e2e\ai\decision-lab.spec.ts:81:1 › happy: a stale result is discarded — only the newer submit applies (1.5s)
  ✓    5 [chromium] › tests\e2e\ai\decision-lab.spec.ts:96:1 › live: gateway provider issues a real fetch and fails unreachable (724ms)
  ✓    6 [chromium] › tests\e2e\ai\decision-lab.spec.ts:112:1 › happy: context and revision grow across three submissions (2.8s)
  ✓    7 [chromium] › tests\e2e\ai\decision-lab.spec.ts:125:1 › conflict: a contested result dwells in まよってる before resolving (3.3s)
  ✓    8 [chromium] › tests\e2e\ai\decision-lab.spec.ts:154:1 › dwell: an instant mock still holds anticipation ≥ MIN_ANTICIPATION_MS (1.4s)
  ✓    9 [chromium] › tests\e2e\creature\quality.spec.ts:16:1 › quality: production-like frame budgets and ten lifecycle resets (3.1m)
  ✓   10 [chromium] › tests\e2e\creature\quality.spec.ts:74:1 › quality: visual states, responsive UI, hidden resume and reduced motion (11.8s)
  ✓   11 [chromium] › tests\e2e\creature\renderer.spec.ts:55:1 › happy: translucent creature canvas mounts across viewports and states (2.0s)
  ✓   12 [chromium] › tests\e2e\creature\renderer.spec.ts:140:1 › failure: repeated mount/unmount leaves exactly zero or one live app (2.6s)
  ✓   13 [chromium] › tests\e2e\creature\renderer.spec.ts:169:1 › failure: aborting during delayed init never attaches canvas or ticker (872ms)
  ✓   14 [chromium] › tests\e2e\creature\renderer.spec.ts:195:1 › failure: unsupported WebGL shows a Japanese alert and no canvas (501ms)
  ✓   15 [chromium] › tests\e2e\creature\transition-timing.spec.ts:32:1 › happy: transition timing — lobe grows ~1s, settles within ~4s (11.1s)
  ✓   16 [chromium] › tests\e2e\discord\adapter.spec.ts:74:1 › happy: discord boot runs the ordered auth chain and yields a session (199ms)
  ✓   17 [chromium] › tests\e2e\discord\adapter.spec.ts:112:1 › happy: browser mode never touches the SDK (348ms)
  ✓   18 [chromium] › tests\e2e\discord\adapter.spec.ts:125:1 › failure: denied authorize and INVALID_COMMAND classify without retry (233ms)
  ✓   19 [chromium] › tests\e2e\discord\adapter.spec.ts:140:1 › failure: token exchange errors classify as auth and retryable (176ms)
  ✓   20 [chromium] › tests\e2e\discord\adapter.spec.ts:152:1 › layout: watchLayout delivers events and stop() unsubscribes all (215ms)
  ✓   21 [chromium] › tests\e2e\discord\adapter.spec.ts:201:1 › gate: joins the instance room and lands on /r/<id> (176ms)
  ✓   22 [chromium] › tests\e2e\discord\proxy.spec.ts:43:1 › happy: SPA, hashed assets, API and a real WS+join all ride one origin (1.1s)
  ✓   23 [chromium] › tests\e2e\discord\proxy.spec.ts:70:1 › failure: API misses stay JSON 404 and foreign origins are refused (26ms)
  ✓   24 [chromium] › tests\e2e\game\bubbles.spec.ts:34:1 › happy: seats sit on their attractor posts, clear of dock and each other (747ms)
  ✓   25 [chromium] › tests\e2e\game\bubbles.spec.ts:85:1 › happy: a post pops a big bubble INSIDE the ring that never travels (5.7s)
  ✓   26 [chromium] › tests\e2e\game\bubbles.spec.ts:123:1 › happy: EVERY bubble sits inward, clears chips, stays in-arena, tail aims (1.4s)
  ✓   27 [chromium] › tests\e2e\game\bubbles.spec.ts:184:1 › happy: a new post from the same player replaces their bubble (802ms)
  ✓   28 [chromium] › tests\e2e\game\bubbles.spec.ts:202:1 › happy: seat glow follows the turn, and the creature flickers on a post (2.9s)
  ✓   29 [chromium] › tests\e2e\game\bubbles.spec.ts:218:1 › happy: reduced motion fades the anchored bubble without popping (6.0s)
  ✓   30 [chromium] › tests\e2e\game\bubbles.spec.ts:244:1 › happy: the feed still logs the post while the bubble is up (727ms)
  ✓   31 [chromium] › tests\e2e\game\input.spec.ts:21:1 › happy: stage, roster chips, turn line and dock layout render (696ms)
  ✓   32 [chromium] › tests\e2e\game\input.spec.ts:40:1 › happy: IME Enter never submits during composition (1.1s)
  ✓   33 [chromium] › tests\e2e\game\input.spec.ts:58:1 › happy: 140 graphemes including combining marks are accepted (742ms)
  ✓   34 [chromium] › tests\e2e\game\input.spec.ts:68:1 › failure: the 141st grapheme shows an error and blocks submit (739ms)
  ✓   35 [chromium] › tests\e2e\game\input.spec.ts:78:1 › happy: draft clears only on ack, button disabled while pending (1.1s)
  ✓   36 [chromium] › tests\e2e\game\input.spec.ts:91:1 › happy: turn line advances to the next player after a post (771ms)
  ✓   37 [chromium] › tests\e2e\game\input.spec.ts:100:1 › failure: script markup posts as literal text, no dialog fires (1.1s)
  ✓   38 [chromium] › tests\e2e\game\input.spec.ts:112:1 › failure: whitespace-only input is rejected with an error (709ms)
  ✓   39 [chromium] › tests\e2e\game\input.spec.ts:120:1 › failure: rapid double submit posts exactly once (1.1s)
  ✓   40 [chromium] › tests\e2e\game\input.spec.ts:130:1 › failure: a long URL posts as text without breaking the feed (767ms)
  ✓   41 [chromium] › tests\e2e\game\input.spec.ts:140:1 › happy: the live announcer speaks only the latest post (1.5s)
  ✓   42 [chromium] › tests\e2e\game\input.spec.ts:150:1 › failure: input is disabled once the game leaves playing (1.1s)
  ✓   43 [chromium] › tests\e2e\game\local-grace.spec.ts:71:1 › scenario strip + seat goal labels + dock goal ride the match (800ms)
  ✓   44 [chromium] › tests\e2e\game\local-grace.spec.ts:100:1 › grace=2: the second straight dominant eval ends the match early (1.9s)
  ✓   45 [chromium] › tests\e2e\game\local-grace.spec.ts:113:1 › default grace (3): two dominant posts keep playing, the third ends it (3.5s)
  ✓   46 [chromium] › tests\e2e\game\local-matrix.spec.ts:119:1 › matrix 2P TURN default: rounds run out, the last speaker wins (1.1s)
  ✓   47 [chromium] › tests\e2e\game\local-matrix.spec.ts:129:1 › matrix 4P TURN optional: host request-end settles on the last speaker (1.1s)
  ✓   48 [chromium] › tests\e2e\game\local-matrix.spec.ts:140:1 › matrix 6P TURN default: rounds run out, the last speaker wins (2.0s)
  ✓   49 [chromium] › tests\e2e\game\local-matrix.spec.ts:150:1 › matrix 2P LIVE optional: dominance streak ends it early (2.0s)
  ✓   50 [chromium] › tests\e2e\game\local-matrix.spec.ts:164:1 › matrix 4P LIVE default: the match deadline settles on the last speaker (6.5s)
  ✓   51 [chromium] › tests\e2e\game\local-matrix.spec.ts:176:1 › matrix 6P LIVE optional: host request-end settles on the last speaker (1.2s)
  ✓   52 [chromium] › tests\e2e\game\local-matrix.spec.ts:192:1 › failure LIVE: provider fails -> pending forces noContest (8.7s)
  ✓   53 [chromium] › tests\e2e\game\local-matrix.spec.ts:207:1 › failure TURN: provider fails -> pending forces noContest (3.0s)
  ✓   54 [chromium] › tests\e2e\game\local-matrix.spec.ts:215:1 › failure TURN: over-limit text is rejected and play continues (861ms)
  ✓   55 [chromium] › tests\e2e\game\local-matrix.spec.ts:228:1 › failure LIVE optional: alternating dominance never streaks (2.4s)
  ✓   56 [chromium] › tests\e2e\game\local-round.spec.ts:75:1 › happy: 4 players x 3 rounds -> winner overlay -> rematch (1.8s)
  ✓   57 [chromium] › tests\e2e\game\local-round.spec.ts:131:1 › failure: a rematch mid-eval drops the stale provider answer (6.6s)
  ✓   58 [chromium] › tests\e2e\game\local-round.spec.ts:154:1 › failure: failEval ends in noContest and rematch still works (3.7s)
  ✓   59 [chromium] › tests\e2e\game\local-round.spec.ts:172:1 › happy: live mode lets a clicked seat post as that player (827ms)
  ✓   60 [chromium] › tests\e2e\lobby\editor.spec.ts:45:1 › happy: four members share one lobby, ready up and start (6.9s)
  ✓   61 [chromium] › tests\e2e\lobby\editor.spec.ts:83:1 › membership: choice rows follow 2 -> 6 -> 4 -> 6 with orphan drafts (8.1s)
  ✓   62 [chromium] › tests\e2e\lobby\editor.spec.ts:124:1 › failure: host-only, revision, label and ready gates all hold (2.2s)
  ✓   63 [chromium] › tests\e2e\lobby\editor.spec.ts:180:1 › presets: お題をえらぶ opens the picker, a pick writes the field (2.5s)
  ✓   64 [chromium] › tests\e2e\lobby\editor.spec.ts:206:1 › merge: a join mid-edit never clobbers the host's dirty field (3.0s)
  ✓   65 [chromium] › tests\e2e\lobby\editor.spec.ts:222:1 › visual: lobby reads correctly at 480/768/1280 in every state (3.6s)
  ✓   66 [chromium] › tests\e2e\lobby\full-flow-visual.spec.ts:31:1 › visual: full-flow screens at 375/768/1280 (8.6s)
  ✓   67 [chromium] › tests\e2e\lobby\full-flow.spec.ts:54:1 › happy: home create -> invite -> 4-seat manual TURN match -> lobby -> restart (12.5s)
  ✓   68 [chromium] › tests\e2e\lobby\full-flow.spec.ts:98:1 › happy: generated choices carry the same flow to a finish (9.7s)
  ✓   69 [chromium] › tests\e2e\lobby\full-flow.spec.ts:120:1 › failure: host transfers mid-generation — lobby stays consistent (3.6s)
  ✓   70 [chromium] › tests\e2e\lobby\full-flow.spec.ts:146:1 › failure: join/leave mid-edit keeps the host's inputs (3.1s)
  ✓   71 [chromium] › tests\e2e\lobby\full-flow.spec.ts:165:1 › failure: an invalid invite refuses with a friendly error (1.1s)
  ✓   72 [chromium] › tests\e2e\lobby\full-flow.spec.ts:180:1 › failure: stale revision + settings change -> re-ready, safe start (3.8s)
  ✓   73 [chromium] › tests\e2e\lobby\full-flow.spec.ts:209:1 › failure: AI unavailable — manual editing still completes a match (6.9s)
  ✓   74 [chromium] › tests\e2e\lobby\full-flow.spec.ts:227:1 › server-authoritative: member commands cannot bypass the lobby gates (2.9s)
  ✓   75 [chromium] › tests\e2e\lobby\generation.spec.ts:60:1 › happy: host generates, applies the proposal, edits stay manual (4.9s)
  ✓   76 [chromium] › tests\e2e\lobby\generation.spec.ts:111:1 › failure: garbage upstream shows an error, frees the slot (2.8s)
  ✓   77 [chromium] › tests\e2e\lobby\settings.spec.ts:75:1 › happy: shared view, host-only edits, ready reset and the start lock (4.3s)
  ✓   78 [chromium] › tests\e2e\lobby\settings.spec.ts:154:1 › failure: host-only, schema, start-mismatch and lock rejections hold (2.0s)
  ✓   79 [chromium] › tests\e2e\release\full-game.spec.ts:27:1 › happy: create -> invite -> 4-seat match -> identical kamishibai -> close wipes (17.7s)
  ✓   80 [chromium] › tests\e2e\release\mid-game-reconnect.spec.ts:33:1 › failure: mid-game offline drop heals by snapshot — roster and turn intact (23.7s)
  ✓   81 [chromium] › tests\e2e\rooms\multiplayer.spec.ts:53:1 › happy: 6-player LIVE match converges identically and aggregates once (4.4s)
  ✓   82 [chromium] › tests\e2e\rooms\multiplayer.spec.ts:78:1 › happy: 4-player TURN match plays every round to an identical finish (2.8s)
  ✓   83 [chromium] › tests\e2e\rooms\multiplayer.spec.ts:100:1 › resync: a swallowed frame heals through syncRequest to identical state (1.3s)
  ✓   84 [chromium] › tests\e2e\rooms\multiplayer.spec.ts:128:1 › host exit mid-game: hostChanged lands and the match still finishes (2.2s)
  ✓   85 [chromium] › tests\e2e\rooms\multiplayer.spec.ts:149:1 › last-second post stays pending at timeup: noContest, never a fabricated winner (2.4s)
  ✓   86 [chromium] › tests\e2e\rooms\multiplayer.spec.ts:196:1 › server restart mid-match: clients resume the identical game and finish it (6.5s)
  ✓   87 [chromium] › tests\e2e\rooms\reconnect.spec.ts:47:1 › happy: heartbeats hold the lease; a lobby drop vacates the seat (2.4s)
  ✓   88 [chromium] › tests\e2e\rooms\reconnect.spec.ts:81:1 › roomClosed ends the retry loop: no re-admission, no more sockets (2.4s)
  ✓   89 [chromium] › tests\e2e\story\full-ending.spec.ts:59:1 › human posts are the story; generation spends at most one post-game call (15.4s)
  ✓   90 [chromium] › tests\e2e\story\full-ending.spec.ts:111:1 › after closeRoom the content is unreachable (5.5s)
  ✓   91 [chromium] › tests\e2e\story\results.spec.ts:59:1 › happy: 4 members get the identical story, page at their own pace, rematch fresh (16.2s)
  ✓   92 [chromium] › tests\e2e\story\results.spec.ts:112:1 › failure: offline-at-finish heals by snapshot; host handover; confirm-close (12.5s)
  ✓   93 [chromium] › tests\e2e\story\snapshots.spec.ts:58:1 › happy: a rendered frame extracts as a non-empty PNG blob (954ms)
  ✓   94 [chromium] › tests\e2e\story\snapshots.spec.ts:79:1 › happy: replay is deterministic and matches the live dominant lean (5.2s)
  ✓   95 [chromium] › tests\e2e\story\snapshots.spec.ts:112:1 › happy: the image cache trims to the panel cap, evicting oldest first (741ms)
  ✓   96 [chromium] › tests\e2e\ui\accessibility.spec.ts:38:3 › happy: lobby 375px — no overflow, no serious axe (2.3s)
  ✓   97 [chromium] › tests\e2e\ui\accessibility.spec.ts:46:3 › happy: /play 375px — no overflow, no serious axe (1.1s)
  ✓   98 [chromium] › tests\e2e\ui\accessibility.spec.ts:38:3 › happy: lobby 768px — no overflow, no serious axe (2.4s)
  ✓   99 [chromium] › tests\e2e\ui\accessibility.spec.ts:46:3 › happy: /play 768px — no overflow, no serious axe (1.2s)
  ✓  100 [chromium] › tests\e2e\ui\accessibility.spec.ts:38:3 › happy: lobby 1280px — no overflow, no serious axe (2.4s)
  ✓  101 [chromium] › tests\e2e\ui\accessibility.spec.ts:46:3 › happy: /play 1280px — no overflow, no serious axe (1.2s)
  ✓  102 [chromium] › tests\e2e\ui\accessibility.spec.ts:55:1 › happy: keyboard-only join→lobby and the whole host path (2.8s)
  ✓  103 [chromium] › tests\e2e\ui\accessibility.spec.ts:106:1 › happy: keyboard-only /play — setup, post, result, rematch (883ms)
  ✓  104 [chromium] › tests\e2e\ui\accessibility.spec.ts:129:1 › happy: leave confirm traps focus, Esc closes, focus returns (1.2s)
  ✓  105 [chromium] › tests\e2e\ui\accessibility.spec.ts:153:1 › failure: 360px, 200% zoom, soft keyboard — dock and controls hold (1.8s)
  ✓  106 [chromium] › tests\e2e\ui\accessibility.spec.ts:182:1 › happy: six seats — symbol+label identity, long text, no overflow (7.1s)
  ✓  107 [chromium] › tests\e2e\ui\accessibility.spec.ts:220:1 › happy: reduced motion keeps /play operable and the status updates (764ms)
  ✓  108 [chromium] › tests\e2e\creature\lab.spec.ts:39:1 › happy: A→B reversal drives dominant angle, gaze and face (5.0s)
  ✓  109 [chromium] › tests\e2e\creature\lab.spec.ts:82:1 › happy: tie, uniform and 2/6 layouts stay finite and in-stage (2.9s)
  ✓  110 [chromium] › tests\e2e\creature\lab.spec.ts:114:1 › happy: adhesion builds to its cap then reverses without teleport (2.3s)
  ✓  111 [chromium] › tests\e2e\creature\lab.spec.ts:159:1 › happy: eyelids close from the top edge (3.2s)
  ✓  112 [chromium] › tests\e2e\creature\lab.spec.ts:179:1 › failure: reduced motion kills particles and blink but keeps pose live (1.1s)
  ✓  113 [chromium] › tests\e2e\creature\lab.spec.ts:219:1 › failure: production bundle carries no lab or e2e bridge artifacts (673ms)
  113 passed (9.6m)
