
[WebServer] $ vite build --mode e2e
[WebServer] (node:58244) Warning: The 'NO_COLOR' env is ignored due to the 'FORCE_COLOR' env being set.
[WebServer] (Use `node --trace-warnings ...` to show where the warning was created)


[WebServer] $ vite preview --host 127.0.0.1 --port 4173 --strictPort
[WebServer] (node:50944) Warning: The 'NO_COLOR' env is ignored due to the 'FORCE_COLOR' env being set.

[WebServer] (Use `node --trace-warnings ...` to show where the warning was created)

Running 2 tests using 1 worker

(node:66748) Warning: The 'NO_COLOR' env is ignored due to the 'FORCE_COLOR' env being set.

(Use `node --trace-warnings ...` to show where the warning was created)

[1/2] [chromium] › tests\e2e\release\full-game.spec.ts:27:1 › happy: create -> invite -> 4-seat match -> identical kamishibai -> close wipes
[WebServer] X [ERROR] Uncaught RoomError: room-closed: room storage is retired Error
[WebServer] 
[WebServer]       at assertOpen (file:///D:/user/game-dev/yuragoo/apps/server/src/rooms/GameRoom.ts:56:28)
[WebServer]       at assertLive (file:///D:/user/game-dev/yuragoo/apps/server/src/rooms/GameRoom.ts:60:10)
[WebServer]       at joinRoomAt (file:///D:/user/game-dev/yuragoo/apps/server/src/rooms/auth-rpc.ts:94:8)
[WebServer]       at joinRoom (file:///D:/user/game-dev/yuragoo/apps/server/src/rooms/GameRoom.ts:215:20)
[WebServer] 
[WebServer] 

[2/2] [chromium] › tests\e2e\release\mid-game-reconnect.spec.ts:33:1 › failure: mid-game offline drop heals by snapshot — roster and turn intact
[WebServer] 21:59:46 [vite] ws proxy error:
[WebServer] Error: write ECONNABORTED
[WebServer]     at afterWriteDispatched (node:internal/stream_base_commons:159:15)
[WebServer]     at writeGeneric (node:internal/stream_base_commons:150:3)
[WebServer]     at Socket._writeGeneric (node:net:1171:11)
[WebServer]     at Socket._write (node:net:1183:8)
[WebServer]     at writeOrBuffer (node:internal/streams/writable:570:12)
[WebServer]     at _write (node:internal/streams/writable:499:10)
[WebServer]     at Writable.write (node:internal/streams/writable:508:10)
[WebServer]     at Socket.ondata (node:internal/streams/readable:1012:24)
[WebServer]     at Socket.emit (node:events:509:28)
[WebServer]     at addChunk (node:internal/streams/readable:563:12)


[WebServer] 21:59:46 [vite] ws proxy socket error:
[WebServer] Error: write ECONNABORTED
[WebServer]     at afterWriteDispatched (node:internal/stream_base_commons:159:15)
[WebServer]     at writeGeneric (node:internal/stream_base_commons:150:3)
[WebServer]     at Socket._writeGeneric (node:net:1171:11)
[WebServer]     at Socket._write (node:net:1183:8)
[WebServer]     at writeOrBuffer (node:internal/streams/writable:570:12)
[WebServer]     at _write (node:internal/streams/writable:499:10)
[WebServer]     at Writable.write (node:internal/streams/writable:508:10)
[WebServer]     at Socket.ondata (node:internal/streams/readable:1012:24)
[WebServer]     at Socket.emit (node:events:509:28)
[WebServer]     at addChunk (node:internal/streams/readable:563:12)
  2 passed (48.2s)
